#0 building with "default" instance using docker driver

#1 [internal] load build definition from Dockerfile.gpu
#1 transferring dockerfile: 1.20kB done
#1 DONE 0.0s

#2 [internal] load metadata for nvcr.io/nvidia/tensorflow:23.03-tf1-py3
#2 DONE 0.0s

#3 [internal] load .dockerignore
#3 transferring context: 2B done
#3 DONE 0.0s

#4 [1/4] FROM nvcr.io/nvidia/tensorflow:23.03-tf1-py3@sha256:9882254598d633bb2d6104787b5ea0bcb47b97aa56934192c28dc98ff7f6386a
#4 resolve nvcr.io/nvidia/tensorflow:23.03-tf1-py3@sha256:9882254598d633bb2d6104787b5ea0bcb47b97aa56934192c28dc98ff7f6386a 0.0s done
#4 DONE 0.0s

#5 [2/4] RUN pip install --no-cache-dir torch==1.13.1+cu117 --extra-index-url https://download.pytorch.org/whl/cu117  && pip install --no-cache-dir torch-scatter==2.1.1 torch-sparse==0.6.17 -f https://data.pyg.org/whl/torch-1.13.1+cu117.html  && pip install --no-cache-dir torch-geometric==2.3.1 dgl==0.9.1 -f https://data.dgl.ai/wheels/cu117/repo.html  && pip install --no-cache-dir pandas==1.5.3 scikit-learn==1.2.2 lmdb tqdm wandb==0.15.8 pyarrow networkx==2.8.8
#5 CACHED

#6 [3/4] WORKDIR /work
#6 CACHED

#7 [4/4] RUN rm -f /usr/local/lib/python3.8/dist-packages/torch/lib/libcudnn*  && pip uninstall -y dgl && pip install --no-cache-dir dgl-cu117==0.9.1.post1 -f https://data.dgl.ai/wheels/repo.html
#7 0.690 Found existing installation: dgl 0.9.1
#7 0.786 Uninstalling dgl-0.9.1:
#7 0.913   Successfully uninstalled dgl-0.9.1
#7 0.931 WARNING: Running pip as the 'root' user can result in broken permissions and conflicting behaviour with the system package manager. It is recommended to use a virtual environment instead: https://pip.pypa.io/warnings/venv
#7 1.514 Looking in links: https://data.dgl.ai/wheels/repo.html
#7 7.034 Collecting dgl-cu117==0.9.1.post1
#7 7.333   Downloading https://data.dgl.ai/wheels/dgl_cu117-0.9.1.post1-cp38-cp38-manylinux1_x86_64.whl (246.9 MB)
#7 22.52      ━━━━━━━━━━━━━━━━━━━━━━━━━━━━━━━━━━━━━━ 246.9/246.9 MB 19.2 MB/s eta 0:00:00
#7 23.20 Requirement already satisfied: numpy>=1.14.0 in /usr/local/lib/python3.8/dist-packages (from dgl-cu117==0.9.1.post1) (1.22.2)
#7 23.20 Requirement already satisfied: networkx>=2.1 in /usr/local/lib/python3.8/dist-packages (from dgl-cu117==0.9.1.post1) (2.8.8)
#7 23.20 Requirement already satisfied: scipy>=1.1.0 in /usr/local/lib/python3.8/dist-packages (from dgl-cu117==0.9.1.post1) (1.6.3)
#7 23.20 Requirement already satisfied: psutil>=5.8.0 in /usr/local/lib/python3.8/dist-packages (from dgl-cu117==0.9.1.post1) (5.9.4)
#7 23.20 Requirement already satisfied: requests>=2.19.0 in /usr/local/lib/python3.8/dist-packages (from dgl-cu117==0.9.1.post1) (2.28.2)
#7 23.20 Requirement already satisfied: tqdm in /usr/local/lib/python3.8/dist-packages (from dgl-cu117==0.9.1.post1) (4.64.1)
#7 23.23 Requirement already satisfied: charset-normalizer<4,>=2 in /usr/local/lib/python3.8/dist-packages (from requests>=2.19.0->dgl-cu117==0.9.1.post1) (3.0.1)
#7 23.23 Requirement already satisfied: certifi>=2017.4.17 in /usr/local/lib/python3.8/dist-packages (from requests>=2.19.0->dgl-cu117==0.9.1.post1) (2022.12.7)
#7 23.23 Requirement already satisfied: idna<4,>=2.5 in /usr/local/lib/python3.8/dist-packages (from requests>=2.19.0->dgl-cu117==0.9.1.post1) (3.4)
#7 23.23 Requirement already satisfied: urllib3<1.27,>=1.21.1 in /usr/local/lib/python3.8/dist-packages (from requests>=2.19.0->dgl-cu117==0.9.1.post1) (1.26.14)
#7 24.29 Installing collected packages: dgl-cu117
#7 27.88 Successfully installed dgl-cu117-0.9.1.post1
#7 27.88 WARNING: Running pip as the 'root' user can result in broken permissions and conflicting behaviour with the system package manager. It is recommended to use a virtual environment instead: https://pip.pypa.io/warnings/venv
#7 DONE 28.3s

#8 exporting to image
#8 exporting layers
#8 exporting layers 36.0s done
#8 exporting manifest sha256:1a4c60e61594dea3f04b6616991352c73b2965e053be59194efa8c622dcb5bcd done
#8 exporting config sha256:9cff51bd0debb47e923abed4b0f16f6fd6191841d0506935ce1cea96a22a847f 0.0s done
#8 exporting attestation manifest sha256:c8259757e32e0ef1e2de021dfa5b405c4b6906b00f24b6cad2eec57745e4af09 done
#8 exporting manifest list sha256:ca560ae031c9ed61dd477fbc01406f4fe606a188e82d1b4787629ff3d7c3629d done
#8 naming to docker.io/library/slb-feng:gpu done
#8 unpacking to docker.io/library/slb-feng:gpu
#8 unpacking to docker.io/library/slb-feng:gpu 4.3s done
#8 DONE 40.4s
