#0 building with "default" instance using docker driver

#1 [internal] load build definition from Dockerfile.gpu
#1 transferring dockerfile: 773B done
#1 DONE 0.0s

#2 [internal] load metadata for nvcr.io/nvidia/tensorflow:23.03-tf1-py3
#2 DONE 0.0s

#3 [internal] load .dockerignore
#3 transferring context: 2B done
#3 DONE 0.0s

#4 [1/3] FROM nvcr.io/nvidia/tensorflow:23.03-tf1-py3@sha256:9882254598d633bb2d6104787b5ea0bcb47b97aa56934192c28dc98ff7f6386a
#4 resolve nvcr.io/nvidia/tensorflow:23.03-tf1-py3@sha256:9882254598d633bb2d6104787b5ea0bcb47b97aa56934192c28dc98ff7f6386a 0.0s done
#4 DONE 4.0s

#5 [2/3] RUN pip install --no-cache-dir torch==1.13.1+cu117 --extra-index-url https://download.pytorch.org/whl/cu117  && pip install --no-cache-dir torch-scatter==2.1.1 torch-sparse==0.6.17 -f https://data.pyg.org/whl/torch-1.13.1+cu117.html  && pip install --no-cache-dir torch-geometric==2.3.1 dgl==0.9.1 -f https://data.dgl.ai/wheels/cu117/repo.html  && pip install --no-cache-dir pandas==1.5.3 scikit-learn==1.2.2 lmdb tqdm wandb==0.15.8 pyarrow networkx==2.8.8
#5 1.640 Looking in indexes: https://pypi.org/simple, https://download.pytorch.org/whl/cu117
#5 7.991 Collecting torch==1.13.1+cu117
#5 8.322   Downloading https://download-r2.pytorch.org/whl/cu117/torch-1.13.1%2Bcu117-cp38-cp38-linux_x86_64.whl (1801.8 MB)
#5 172.8      ━━━━━━━━━━━━━━━━━━━━━━━━━━━━━━━━━━━━━━━━ 1.8/1.8 GB 12.0 MB/s eta 0:00:00
#5 179.6 Requirement already satisfied: typing-extensions in /usr/local/lib/python3.8/dist-packages (from torch==1.13.1+cu117) (4.5.0)
#5 181.4 Installing collected packages: torch
#5 220.7 Successfully installed torch-1.13.1+cu117
#5 220.7 WARNING: Running pip as the 'root' user can result in broken permissions and conflicting behaviour with the system package manager. It is recommended to use a virtual environment instead: https://pip.pypa.io/warnings/venv
#5 221.9 Looking in links: https://data.pyg.org/whl/torch-1.13.1+cu117.html
#5 227.8 Collecting torch-scatter==2.1.1
#5 228.0   Downloading https://data.pyg.org/whl/torch-1.13.0%2Bcu117/torch_scatter-2.1.1%2Bpt113cu117-cp38-cp38-linux_x86_64.whl (10.1 MB)
#5 229.8      ━━━━━━━━━━━━━━━━━━━━━━━━━━━━━━━━━━━━━━━━ 10.1/10.1 MB 5.6 MB/s eta 0:00:00
#5 230.1 Collecting torch-sparse==0.6.17
#5 230.4   Downloading https://data.pyg.org/whl/torch-1.13.0%2Bcu117/torch_sparse-0.6.17%2Bpt113cu117-cp38-cp38-linux_x86_64.whl (4.7 MB)
#5 231.3      ━━━━━━━━━━━━━━━━━━━━━━━━━━━━━━━━━━━━━━━━ 4.7/4.7 MB 5.3 MB/s eta 0:00:00
#5 231.4 Requirement already satisfied: scipy in /usr/local/lib/python3.8/dist-packages (from torch-sparse==0.6.17) (1.6.3)
#5 231.4 Requirement already satisfied: numpy<1.23.0,>=1.16.5 in /usr/local/lib/python3.8/dist-packages (from scipy->torch-sparse==0.6.17) (1.22.2)
#5 232.8 Installing collected packages: torch-scatter, torch-sparse
#5 233.5 Successfully installed torch-scatter-2.1.1+pt113cu117 torch-sparse-0.6.17+pt113cu117
#5 233.5 WARNING: Running pip as the 'root' user can result in broken permissions and conflicting behaviour with the system package manager. It is recommended to use a virtual environment instead: https://pip.pypa.io/warnings/venv
#5 234.3 Looking in links: https://data.dgl.ai/wheels/cu117/repo.html
#5 235.6 Collecting torch-geometric==2.3.1
#5 241.1   Downloading torch_geometric-2.3.1.tar.gz (661 kB)
#5 241.4      ━━━━━━━━━━━━━━━━━━━━━━━━━━━━━━━━━━━━━━━ 661.6/661.6 kB 2.1 MB/s eta 0:00:00
#5 241.7   Installing build dependencies: started
#5 253.0   Installing build dependencies: finished with status 'done'
#5 253.0   Getting requirements to build wheel: started
#5 253.4   Getting requirements to build wheel: finished with status 'done'
#5 253.4   Preparing metadata (pyproject.toml): started
#5 253.9   Preparing metadata (pyproject.toml): finished with status 'done'
#5 254.3 Collecting dgl==0.9.1
#5 254.4   Downloading dgl-0.9.1-cp38-cp38-manylinux1_x86_64.whl (4.9 MB)
#5 254.9      ━━━━━━━━━━━━━━━━━━━━━━━━━━━━━━━━━━━━━━━━ 4.9/4.9 MB 10.0 MB/s eta 0:00:00
#5 255.0 Requirement already satisfied: numpy in /usr/local/lib/python3.8/dist-packages (from torch-geometric==2.3.1) (1.22.2)
#5 255.0 Requirement already satisfied: scikit-learn in /usr/local/lib/python3.8/dist-packages (from torch-geometric==2.3.1) (1.2.0)
#5 255.0 Requirement already satisfied: jinja2 in /usr/local/lib/python3.8/dist-packages (from torch-geometric==2.3.1) (3.1.2)
#5 255.0 Requirement already satisfied: scipy in /usr/local/lib/python3.8/dist-packages (from torch-geometric==2.3.1) (1.6.3)
#5 255.0 Requirement already satisfied: psutil>=5.8.0 in /usr/local/lib/python3.8/dist-packages (from torch-geometric==2.3.1) (5.9.4)
#5 255.0 Requirement already satisfied: pyparsing in /usr/local/lib/python3.8/dist-packages (from torch-geometric==2.3.1) (3.0.9)
#5 255.0 Requirement already satisfied: tqdm in /usr/local/lib/python3.8/dist-packages (from torch-geometric==2.3.1) (4.64.1)
#5 255.0 Requirement already satisfied: requests in /usr/local/lib/python3.8/dist-packages (from torch-geometric==2.3.1) (2.28.2)
#5 255.0 Requirement already satisfied: networkx>=2.1 in /usr/local/lib/python3.8/dist-packages (from dgl==0.9.1) (2.8.8)
#5 255.0 Requirement already satisfied: certifi>=2017.4.17 in /usr/local/lib/python3.8/dist-packages (from requests->torch-geometric==2.3.1) (2022.12.7)
#5 255.0 Requirement already satisfied: charset-normalizer<4,>=2 in /usr/local/lib/python3.8/dist-packages (from requests->torch-geometric==2.3.1) (3.0.1)
#5 255.0 Requirement already satisfied: idna<4,>=2.5 in /usr/local/lib/python3.8/dist-packages (from requests->torch-geometric==2.3.1) (3.4)
#5 255.0 Requirement already satisfied: urllib3<1.27,>=1.21.1 in /usr/local/lib/python3.8/dist-packages (from requests->torch-geometric==2.3.1) (1.26.14)
#5 255.0 Requirement already satisfied: MarkupSafe>=2.0 in /usr/local/lib/python3.8/dist-packages (from jinja2->torch-geometric==2.3.1) (2.1.2)
#5 255.1 Requirement already satisfied: threadpoolctl>=2.0.0 in /usr/local/lib/python3.8/dist-packages (from scikit-learn->torch-geometric==2.3.1) (3.1.0)
#5 255.1 Requirement already satisfied: joblib>=1.1.1 in /usr/local/lib/python3.8/dist-packages (from scikit-learn->torch-geometric==2.3.1) (1.2.0)
#5 255.1 Building wheels for collected packages: torch-geometric
#5 255.1   Building wheel for torch-geometric (pyproject.toml): started
#5 255.9   Building wheel for torch-geometric (pyproject.toml): finished with status 'done'
#5 255.9   Created wheel for torch-geometric: filename=torch_geometric-2.3.1-py3-none-any.whl size=910471 sha256=d41556dab3976a573b707b455701541bbf3fcf8e145ef0c10080375193c6a2d2
#5 255.9   Stored in directory: /tmp/pip-ephem-wheel-cache-eln88tc2/wheels/ff/6c/d6/f131acff9176ff91cb7ce97ddcd7170182c99533bf31c86a1d
#5 255.9 Successfully built torch-geometric
#5 256.9 Installing collected packages: dgl, torch-geometric
#5 258.4 Successfully installed dgl-0.9.1 torch-geometric-2.3.1
#5 258.4 WARNING: Running pip as the 'root' user can result in broken permissions and conflicting behaviour with the system package manager. It is recommended to use a virtual environment instead: https://pip.pypa.io/warnings/venv
#5 265.4 Collecting pandas==1.5.3
#5 265.8   Downloading pandas-1.5.3-cp38-cp38-manylinux_2_17_x86_64.manylinux2014_x86_64.whl (12.2 MB)
#5 267.4      ━━━━━━━━━━━━━━━━━━━━━━━━━━━━━━━━━━━━━━━━ 12.2/12.2 MB 9.1 MB/s eta 0:00:00
#5 268.0 Collecting scikit-learn==1.2.2
#5 268.1   Downloading scikit_learn-1.2.2-cp38-cp38-manylinux_2_17_x86_64.manylinux2014_x86_64.whl (9.8 MB)
#5 269.1      ━━━━━━━━━━━━━━━━━━━━━━━━━━━━━━━━━━━━━━━━ 9.8/9.8 MB 9.7 MB/s eta 0:00:00
#5 269.4 Collecting lmdb
#5 269.5   Downloading lmdb-2.1.1.tar.gz (913 kB)
#5 269.6      ━━━━━━━━━━━━━━━━━━━━━━━━━━━━━━━━━━━━━━ 913.2/913.2 kB 12.1 MB/s eta 0:00:00
#5 269.6   Installing build dependencies: started
#5 281.0   Installing build dependencies: finished with status 'done'
#5 281.1   Getting requirements to build wheel: started
#5 281.9   Getting requirements to build wheel: finished with status 'done'
#5 281.9   Preparing metadata (pyproject.toml): started
#5 282.7   Preparing metadata (pyproject.toml): finished with status 'done'
#5 282.7 Requirement already satisfied: tqdm in /usr/local/lib/python3.8/dist-packages (4.64.1)
#5 283.2 Collecting wandb==0.15.8
#5 283.4   Downloading wandb-0.15.8-py3-none-any.whl (2.1 MB)
#5 283.6      ━━━━━━━━━━━━━━━━━━━━━━━━━━━━━━━━━━━━━━━━ 2.1/2.1 MB 8.8 MB/s eta 0:00:00
#5 283.6 Requirement already satisfied: pyarrow in /usr/local/lib/python3.8/dist-packages (10.0.1.dev0+ga6eabc2b.d20230220)
#5 283.6 Requirement already satisfied: networkx==2.8.8 in /usr/local/lib/python3.8/dist-packages (2.8.8)
#5 283.7 Requirement already satisfied: numpy>=1.20.3 in /usr/local/lib/python3.8/dist-packages (from pandas==1.5.3) (1.22.2)
#5 283.7 Requirement already satisfied: pytz>=2020.1 in /usr/local/lib/python3.8/dist-packages (from pandas==1.5.3) (2022.7.1)
#5 283.7 Requirement already satisfied: python-dateutil>=2.8.1 in /usr/local/lib/python3.8/dist-packages (from pandas==1.5.3) (2.8.2)
#5 283.8 Requirement already satisfied: threadpoolctl>=2.0.0 in /usr/local/lib/python3.8/dist-packages (from scikit-learn==1.2.2) (3.1.0)
#5 283.8 Requirement already satisfied: scipy>=1.3.2 in /usr/local/lib/python3.8/dist-packages (from scikit-learn==1.2.2) (1.6.3)
#5 283.8 Requirement already satisfied: joblib>=1.1.1 in /usr/local/lib/python3.8/dist-packages (from scikit-learn==1.2.2) (1.2.0)
#5 283.8 Requirement already satisfied: Click!=8.0.0,>=7.1 in /usr/local/lib/python3.8/dist-packages (from wandb==0.15.8) (8.1.3)
#5 283.8 Requirement already satisfied: setuptools in /usr/local/lib/python3.8/dist-packages (from wandb==0.15.8) (67.4.0)
#5 284.0 Collecting GitPython!=3.1.29,>=1.0.0
#5 284.1   Downloading gitpython-3.1.62-py3-none-any.whl (222 kB)
#5 284.1      ━━━━━━━━━━━━━━━━━━━━━━━━━━━━━━━━━━━━━━━ 222.8/222.8 kB 9.0 MB/s eta 0:00:00
#5 284.5 Collecting setproctitle
#5 284.6   Downloading setproctitle-1.3.7-cp38-cp38-manylinux1_x86_64.manylinux_2_28_x86_64.manylinux_2_5_x86_64.whl (32 kB)
#5 284.6 Requirement already satisfied: typing-extensions in /usr/local/lib/python3.8/dist-packages (from wandb==0.15.8) (4.5.0)
#5 284.7 Collecting pathtools
#5 284.8   Downloading pathtools-0.1.2.tar.gz (11 kB)
#5 284.8   Preparing metadata (setup.py): started
#5 285.2   Preparing metadata (setup.py): finished with status 'done'
#5 285.2 Requirement already satisfied: PyYAML in /usr/local/lib/python3.8/dist-packages (from wandb==0.15.8) (6.0)
#5 285.4 Collecting appdirs>=1.4.3
#5 285.5   Downloading appdirs-1.4.4-py2.py3-none-any.whl (9.6 kB)
#5 286.0 Collecting sentry-sdk>=1.0.0
#5 286.1   Downloading sentry_sdk-2.70.0-py3-none-any.whl (531 kB)
#5 286.1      ━━━━━━━━━━━━━━━━━━━━━━━━━━━━━━━━━━━━━━ 531.8/531.8 kB 14.1 MB/s eta 0:00:00
#5 286.1 Requirement already satisfied: psutil>=5.0.0 in /usr/local/lib/python3.8/dist-packages (from wandb==0.15.8) (5.9.4)
#5 286.2 Collecting docker-pycreds>=0.4.0
#5 286.3   Downloading docker_pycreds-0.4.0-py2.py3-none-any.whl (9.0 kB)
#5 286.3 Requirement already satisfied: protobuf!=4.21.0,<5,>=3.12.0 in /usr/local/lib/python3.8/dist-packages (from wandb==0.15.8) (3.20.3)
#5 286.3 Requirement already satisfied: requests<3,>=2.0.0 in /usr/local/lib/python3.8/dist-packages (from wandb==0.15.8) (2.28.2)
#5 286.3 Requirement already satisfied: six>=1.4.0 in /usr/local/lib/python3.8/dist-packages (from docker-pycreds>=0.4.0->wandb==0.15.8) (1.16.0)
#5 286.5 Collecting gitdb<5,>=4.0.1
#5 286.6   Downloading gitdb-4.0.12-py3-none-any.whl (62 kB)
#5 286.6      ━━━━━━━━━━━━━━━━━━━━━━━━━━━━━━━━━━━━━━━━ 62.8/62.8 kB 84.9 MB/s eta 0:00:00
#5 286.6 Requirement already satisfied: charset-normalizer<4,>=2 in /usr/local/lib/python3.8/dist-packages (from requests<3,>=2.0.0->wandb==0.15.8) (3.0.1)
#5 286.6 Requirement already satisfied: idna<4,>=2.5 in /usr/local/lib/python3.8/dist-packages (from requests<3,>=2.0.0->wandb==0.15.8) (3.4)
#5 286.7 Requirement already satisfied: urllib3<1.27,>=1.21.1 in /usr/local/lib/python3.8/dist-packages (from requests<3,>=2.0.0->wandb==0.15.8) (1.26.14)
#5 286.7 Requirement already satisfied: certifi>=2017.4.17 in /usr/local/lib/python3.8/dist-packages (from requests<3,>=2.0.0->wandb==0.15.8) (2022.12.7)
#5 286.9 Collecting smmap<6,>=3.0.1
#5 286.9   Downloading smmap-5.0.3-py3-none-any.whl (24 kB)
#5 287.0 Building wheels for collected packages: lmdb, pathtools
#5 287.0   Building wheel for lmdb (pyproject.toml): started
#5 295.0   Building wheel for lmdb (pyproject.toml): finished with status 'done'
#5 295.0   Created wheel for lmdb: filename=lmdb-2.1.1-cp38-cp38-linux_x86_64.whl size=284551 sha256=123b4236457ca860f3838f33d367716815e0f9e57cb316a7e829633999d943e6
#5 295.0   Stored in directory: /tmp/pip-ephem-wheel-cache-r8g4mb_k/wheels/64/ab/77/d70291497bb08539212667abb567e24e96ca1757f48d285eee
#5 295.0   Building wheel for pathtools (setup.py): started
#5 295.6   Building wheel for pathtools (setup.py): finished with status 'done'
#5 295.6   Created wheel for pathtools: filename=pathtools-0.1.2-py3-none-any.whl size=8807 sha256=3d7a37c0bb60177429df9e6337337689a6e748fd4459549bf12bed5f7a02b141
#5 295.6   Stored in directory: /tmp/pip-ephem-wheel-cache-r8g4mb_k/wheels/4c/8e/7e/72fbc243e1aeecae64a96875432e70d4e92f3d2d18123be004
#5 295.6 Successfully built lmdb pathtools
#5 296.8 Installing collected packages: pathtools, lmdb, appdirs, smmap, setproctitle, sentry-sdk, docker-pycreds, scikit-learn, pandas, gitdb, GitPython, wandb
#5 297.3   Attempting uninstall: scikit-learn
#5 297.3     Found existing installation: scikit-learn 1.2.0
#5 297.5     Uninstalling scikit-learn-1.2.0:
#5 297.8       Successfully uninstalled scikit-learn-1.2.0
#5 300.1   Attempting uninstall: pandas
#5 300.1     Found existing installation: pandas 1.5.2
#5 300.9     Uninstalling pandas-1.5.2:
#5 301.5       Successfully uninstalled pandas-1.5.2
#5 308.9 Successfully installed GitPython-3.1.62 appdirs-1.4.4 docker-pycreds-0.4.0 gitdb-4.0.12 lmdb-2.1.1 pandas-1.5.3 pathtools-0.1.2 scikit-learn-1.2.2 sentry-sdk-2.70.0 setproctitle-1.3.7 smmap-5.0.3 wandb-0.15.8
#5 308.9 WARNING: Running pip as the 'root' user can result in broken permissions and conflicting behaviour with the system package manager. It is recommended to use a virtual environment instead: https://pip.pypa.io/warnings/venv
#5 DONE 309.6s

#6 [3/3] WORKDIR /work
#6 DONE 0.3s

#7 exporting to image
#7 exporting layers
#7 exporting layers 272.3s done
#7 exporting manifest sha256:db07b188af8107be7aa8feabcbac9970202ed8f8dd49cf98cf817441832bd33b done
#7 exporting config sha256:75413abcf9a58480f408f02210e5f6e145f6f40f9ce84d08f88c13dfc60b8999 done
#7 exporting attestation manifest sha256:418ea006418ccb1080045333aee7338cfa9e824af581a9dfbc6454f4910232c7 done
#7 exporting manifest list sha256:ec770fd560fa48a48014f40ab99bd03195a33895e8914e588337fbe64980eee1 done
#7 naming to docker.io/library/slb-feng:gpu done
#7 unpacking to docker.io/library/slb-feng:gpu
#7 unpacking to docker.io/library/slb-feng:gpu 33.1s done
#7 DONE 305.7s
